19:42:22 
━━━━━━━━━━━━━━━━━━━━━━━━━━━━━━━━━━━━━━━━━━━━━━━━━━━━━━━
19:42:22   ▶ חנויות + GPS (כל הרשתות)
19:42:22 ━━━━━━━━━━━━━━━━━━━━━━━━━━━━━━━━━━━━━━━━━━━━━━━━━━━━━━━
19:42:25   ❌ חנויות + GPS (כל הרשתות) — 3s
19:42:25 
━━━━━━━━━━━━━━━━━━━━━━━━━━━━━━━━━━━━━━━━━━━━━━━━━━━━━━━
19:42:25   ▶ PublishedPrices (13 רשתות)
19:42:25 ━━━━━━━━━━━━━━━━━━━━━━━━━━━━━━━━━━━━━━━━━━━━━━━━━━━━━━━
19:46:12   ✅ PublishedPrices (13 רשתות) — 228s
19:46:12 
━━━━━━━━━━━━━━━━━━━━━━━━━━━━━━━━━━━━━━━━━━━━━━━━━━━━━━━
19:46:12   ▶ שופרסל
19:46:12 ━━━━━━━━━━━━━━━━━━━━━━━━━━━━━━━━━━━━━━━━━━━━━━━━━━━━━━━
19:47:11   ❌ שופרסל — 58s
19:47:11 
━━━━━━━━━━━━━━━━━━━━━━━━━━━━━━━━━━━━━━━━━━━━━━━━━━━━━━━
19:47:11   ▶ BinaProjects (10 רשתות)
19:47:11 ━━━━━━━━━━━━━━━━━━━━━━━━━━━━━━━━━━━━━━━━━━━━━━━━━━━━━━━
19:47:18   ❌ BinaProjects (10 רשתות) — 7s
19:47:18 
━━━━━━━━━━━━━━━━━━━━━━━━━━━━━━━━━━━━━━━━━━━━━━━━━━━━━━━
19:47:18   ▶ LaibCatalog (ויקטורי + עוד)
19:47:18 ━━━━━━━━━━━━━━━━━━━━━━━━━━━━━━━━━━━━━━━━━━━━━━━━━━━━━━━
19:47:28   ❌ LaibCatalog (ויקטורי + עוד) — 10s
19:47:28 
━━━━━━━━━━━━━━━━━━━━━━━━━━━━━━━━━━━━━━━━━━━━━━━━━━━━━━━
19:47:28   ▶ Baby (שילב בלבד)
19:47:28 ━━━━━━━━━━━━━━━━━━━━━━━━━━━━━━━━━━━━━━━━━━━━━━━━━━━━━━━
19:47:44   ✅ Baby (שילב בלבד) — 16s
19:47:44 
━━━━━━━━━━━━━━━━━━━━━━━━━━━━━━━━━━━━━━━━━━━━━━━━━━━━━━━
19:47:44   ▶ OpenFormat API (ממשלתי)
19:47:44 ━━━━━━━━━━━━━━━━━━━━━━━━━━━━━━━━━━━━━━━━━━━━━━━━━━━━━━━
19:47:44   ✅ OpenFormat API (ממשלתי) — 1s
19:47:44 
━━━━━━━━━━━━━━━━━━━━━━━━━━━━━━━━━━━━━━━━━━━━━━━━━━━━━━━
19:47:44   ▶ קרפור + קוויק
19:47:44 ━━━━━━━━━━━━━━━━━━━━━━━━━━━━━━━━━━━━━━━━━━━━━━━━━━━━━━━
19:47:45   ✅ קרפור + קוויק — 1s
19:47:45   ⚠️  wolt_scraper.py לא קיים — דלג
19:47:45 
━━━━━━━━━━━━━━━━━━━━━━━━━━━━━━━━━━━━━━━━━━━━━━━━━━━━━━━
19:47:45   ▶ HTML Scrapers (חצי חינם + נתיב החסד + סיטי מרקט + קיי.טי)
19:47:45 ━━━━━━━━━━━━━━━━━━━━━━━━━━━━━━━━━━━━━━━━━━━━━━━━━━━━━━━
19:47:56   ✅ HTML Scrapers (חצי חינם + נתיב החסד + סיטי מרקט + קיי.טי) — 10s
19:47:56 
━━━━━━━━━━━━━━━━━━━━━━━━━━━━━━━━━━━━━━━━━━━━━━━━━━━━━━━
19:47:56   ▶ חנויות (כתובות + GPS)
19:47:56 ━━━━━━━━━━━━━━━━━━━━━━━━━━━━━━━━━━━━━━━━━━━━━━━━━━━━━━━
19:47:56   ❌ חנויות (כתובות + GPS) — 1s
10:27:04 
━━━━━━━━━━━━━━━━━━━━━━━━━━━━━━━━━━━━━━━━━━━━━━━━━━━━━━━
10:27:04   ▶ חנויות + GPS (כל הרשתות)
10:27:04 ━━━━━━━━━━━━━━━━━━━━━━━━━━━━━━━━━━━━━━━━━━━━━━━━━━━━━━━
10:28:12   ✅ חנויות + GPS (כל הרשתות) — 67s
10:28:12 
━━━━━━━━━━━━━━━━━━━━━━━━━━━━━━━━━━━━━━━━━━━━━━━━━━━━━━━
10:28:12   ▶ PublishedPrices (13 רשתות)
10:28:12 ━━━━━━━━━━━━━━━━━━━━━━━━━━━━━━━━━━━━━━━━━━━━━━━━━━━━━━━
10:45:05   ✅ PublishedPrices (13 רשתות) — 1013s
10:45:05 
━━━━━━━━━━━━━━━━━━━━━━━━━━━━━━━━━━━━━━━━━━━━━━━━━━━━━━━
10:45:05   ▶ שופרסל
10:45:05 ━━━━━━━━━━━━━━━━━━━━━━━━━━━━━━━━━━━━━━━━━━━━━━━━━━━━━━━
10:47:30   ✅ שופרסל — 145s
10:47:30 
━━━━━━━━━━━━━━━━━━━━━━━━━━━━━━━━━━━━━━━━━━━━━━━━━━━━━━━
10:47:30   ▶ BinaProjects (10 רשתות)
10:47:30 ━━━━━━━━━━━━━━━━━━━━━━━━━━━━━━━━━━━━━━━━━━━━━━━━━━━━━━━
13:54:09   ✅ BinaProjects (10 רשתות) — 11199s
13:54:09 
━━━━━━━━━━━━━━━━━━━━━━━━━━━━━━━━━━━━━━━━━━━━━━━━━━━━━━━
13:54:09   ▶ LaibCatalog (ויקטורי + עוד)
13:54:09 ━━━━━━━━━━━━━━━━━━━━━━━━━━━━━━━━━━━━━━━━━━━━━━━━━━━━━━━
14:09:36   ✅ LaibCatalog (ויקטורי + עוד) — 927s
14:09:36 
━━━━━━━━━━━━━━━━━━━━━━━━━━━━━━━━━━━━━━━━━━━━━━━━━━━━━━━
14:09:36   ▶ Baby (שילב בלבד)
14:09:36 ━━━━━━━━━━━━━━━━━━━━━━━━━━━━━━━━━━━━━━━━━━━━━━━━━━━━━━━
14:09:53   ❌ Baby (שילב בלבד) — 18s
14:09:53 
━━━━━━━━━━━━━━━━━━━━━━━━━━━━━━━━━━━━━━━━━━━━━━━━━━━━━━━
14:09:53   ▶ OpenFormat API (ממשלתי)
14:09:53 ━━━━━━━━━━━━━━━━━━━━━━━━━━━━━━━━━━━━━━━━━━━━━━━━━━━━━━━
14:09:54   ✅ OpenFormat API (ממשלתי) — 1s
14:09:54 
━━━━━━━━━━━━━━━━━━━━━━━━━━━━━━━━━━━━━━━━━━━━━━━━━━━━━━━
14:09:54   ▶ קרפור + קוויק
14:09:54 ━━━━━━━━━━━━━━━━━━━━━━━━━━━━━━━━━━━━━━━━━━━━━━━━━━━━━━━
14:09:56   ✅ קרפור + קוויק — 1s
14:09:56   ⚠️  wolt_scraper.py לא קיים — דלג
14:09:56 
━━━━━━━━━━━━━━━━━━━━━━━━━━━━━━━━━━━━━━━━━━━━━━━━━━━━━━━
14:09:56   ▶ HTML Scrapers (חצי חינם + נתיב החסד + סיטי מרקט + קיי.טי)
14:09:56 ━━━━━━━━━━━━━━━━━━━━━━━━━━━━━━━━━━━━━━━━━━━━━━━━━━━━━━━
14:10:09   ✅ HTML Scrapers (חצי חינם + נתיב החסד + סיטי מרקט + קיי.טי) — 13s
14:10:09 
━━━━━━━━━━━━━━━━━━━━━━━━━━━━━━━━━━━━━━━━━━━━━━━━━━━━━━━
14:10:09   ▶ חנויות (כתובות + GPS)
14:10:09 ━━━━━━━━━━━━━━━━━━━━━━━━━━━━━━━━━━━━━━━━━━━━━━━━━━━━━━━
14:10:46   ✅ חנויות (כתובות + GPS) — 38s
