10:45:08 =======================================================
10:45:08 רשת: שופרסל
10:45:13   סורק: http://prices.shufersal.co.il/
10:45:19   סורק: http://prices.shufersal.co.il/FileObject/UpdateCategory?storeId=001
10:45:23   סורק: http://prices.shufersal.co.il/FileObject/UpdateCategory?storeId=002
10:45:28   סורק: http://prices.shufersal.co.il/FileObject/UpdateCategory?storeId=001&catID=0&FileType=0
10:45:33   מנסה שיטה ישירה...
10:46:09   מנסה API ידוע...
10:46:15   סה"כ קישורים שנמצאו: 86
10:46:15   קישורים תקינים: 32
10:46:15   מוריד: Price7290027600007-001-202604100200.gz
10:46:17 DB מחובר
10:46:18   25 מוצרים
10:46:18   מוריד: Price7290027600007-012-202604101000.gz
10:46:19   1 מוצרים
10:46:19   מוריד: PromoFull7290027600007-001-202604100300.gz
10:46:20   0 מוצרים
10:46:20   מוריד: Price7290027600007-015-202604101000.gz
10:46:21   1 מוצרים
10:46:21   מוריד: PriceFull7290027600007-002-202604100300.gz
10:46:37   4,157 מוצרים
10:46:37   מוריד: Price7290027600007-001-202604100200.gz
10:46:38   25 מוצרים
10:46:38   מוריד: Promo7290027600007-002-202604100000.gz
10:46:39   0 מוצרים
10:46:39   מוריד: Promo7290027600007-001-202604100000.gz
10:46:40   0 מוצרים
10:46:40   מוריד: Price7290027600007-023-202604100200.gz
10:46:41   11 מוצרים
10:46:41   מוריד: Price7290027600007-001-202604100200.gz
10:46:42   25 מוצרים
10:46:42   מוריד: PriceFull7290027600007-001-202604100300.gz
10:46:51   3,967 מוצרים
10:46:51   מוריד: PromoFull7290027600007-001-202604100300.gz
10:46:54   0 מוצרים
10:46:54   מוריד: Price7290027600007-009-202604100200.gz
10:46:55   9 מוצרים
10:46:55   מוריד: Price7290027600007-013-202604100200.gz
10:46:56   40 מוצרים
10:46:56   מוריד: Price7290027600007-024-202604100200.gz
10:46:57   10 מוצרים
10:46:57   מוריד: Price7290027600007-007-202604100200.gz
10:46:58   22 מוצרים
10:46:58   מוריד: Price7290027600007-002-202604100200.gz
10:47:03   47 מוצרים
10:47:03   מוריד: Price7290027600007-011-202604100200.gz
10:47:04   10 מוצרים
10:47:04   מוריד: Price7290027600007-004-202604100200.gz
10:47:05   12 מוצרים
10:47:05   מוריד: Price7290027600007-021-202604100200.gz
10:47:06   2 מוצרים
10:47:06   מוריד: Price7290027600007-017-202604100200.gz
10:47:07   26 מוצרים
10:47:07   מוריד: PriceFull7290027600007-001-202604100300.gz
10:47:19   3,967 מוצרים
10:47:19   מוריד: Promo7290027600007-001-202604100000.gz
10:47:20   0 מוצרים
10:47:20   מוריד: Price7290027600007-002-202604100200.gz
10:47:21   47 מוצרים
10:47:21   מוריד: Price7290027600007-020-202604100200.gz
10:47:22   9 מוצרים
10:47:22   מוריד: Price7290027600007-019-202604100200.gz
10:47:23   10 מוצרים
10:47:23   מוריד: Price7290027600007-003-202604100200.gz
10:47:24   10 מוצרים
10:47:24   מוריד: Price7290027600007-018-202604100200.gz
10:47:25   108 מוצרים
10:47:25   מוריד: Price7290027600007-014-202604100200.gz
10:47:26   3 מוצרים
10:47:26   מוריד: Price7290027600007-022-202604100200.gz
10:47:28   72 מוצרים
10:47:28   מוריד: PromoFull7290027600007-002-202604100300.gz
10:47:29   0 מוצרים
10:47:29   מוריד: Price7290027600007-005-202604100200.gz
10:47:30   36 מוצרים
10:47:30   סה"כ שופרסל: 12,652
10:47:30 =======================================================
