10:40:12 =======================================================
10:40:12 רשת: שופרסל
10:40:21   סורק: http://prices.shufersal.co.il/
10:40:26   סורק: http://prices.shufersal.co.il/FileObject/UpdateCategory?storeId=001
10:40:52   סורק: http://prices.shufersal.co.il/FileObject/UpdateCategory?storeId=002
10:41:02   סורק: http://prices.shufersal.co.il/FileObject/UpdateCategory?storeId=001&catID=0&FileType=0
10:41:18   מנסה שיטה ישירה...
10:41:44   מנסה API ידוע...
10:41:49   סה"כ קישורים שנמצאו: 86
10:41:49   קישורים תקינים: 32
10:41:49   מוריד: Price7290027600007-021-202604110200.gz
10:41:50 DB מחובר
10:41:55   263 מוצרים
10:41:55   מוריד: Price7290027600007-009-202604110200.gz
10:41:58   359 מוצרים
10:41:58   מוריד: Price7290027600007-001-202604110200.gz
10:42:00   389 מוצרים
10:42:00   מוריד: Price7290027600007-014-202604110200.gz
10:42:05   454 מוצרים
10:42:05   מוריד: PriceFull7290027600007-001-202604110300.gz
10:42:17   4,335 מוצרים
10:42:17   מוריד: Price7290027600007-001-202604110200.gz
10:42:18   389 מוצרים
10:42:18   מוריד: Price7290027600007-004-202604110200.gz
10:42:20   418 מוצרים
10:42:20   מוריד: PromoFull7290027600007-002-202604110300.gz
10:42:21   0 מוצרים
10:42:21   מוריד: Price7290027600007-001-202604110200.gz
10:42:23   389 מוצרים
10:42:23   מוריד: Price7290027600007-005-202604110200.gz
10:42:25   506 מוצרים
10:42:25   מוריד: Price7290027600007-015-202604110200.gz
10:42:27   229 מוצרים
10:42:27   מוריד: Price7290027600007-012-202604110200.gz
10:42:29   220 מוצרים
10:42:29   מוריד: Price7290027600007-018-202604110200.gz
10:42:31   406 מוצרים
10:42:31   מוריד: PromoFull7290027600007-001-202604110300.gz
10:42:33   0 מוצרים
10:42:33   מוריד: Price7290027600007-023-202604110200.gz
10:42:37   448 מוצרים
10:42:37   מוריד: Price7290027600007-011-202604110200.gz
10:42:44   308 מוצרים
10:42:44   מוריד: PriceFull7290027600007-002-202604110300.gz
10:42:59   4,660 מוצרים
10:42:59   מוריד: Price7290027600007-022-202604110200.gz
10:43:01   452 מוצרים
10:43:01   מוריד: Promo7290027600007-001-202604100000.gz
10:43:02   0 מוצרים
10:43:02   מוריד: Price7290027600007-003-202604110200.gz
10:43:04   405 מוצרים
10:43:04   מוריד: Price7290027600007-013-202604110200.gz
10:43:08   551 מוצרים
10:43:08   מוריד: Price7290027600007-024-202604110200.gz
10:43:10   505 מוצרים
10:43:10   מוריד: PromoFull7290027600007-001-202604110300.gz
10:43:12   0 מוצרים
10:43:12   מוריד: Price7290027600007-007-202604110200.gz
10:43:14   365 מוצרים
10:43:14   מוריד: Promo7290027600007-002-202604100000.gz
10:43:15   0 מוצרים
10:43:15   מוריד: Promo7290027600007-001-202604100000.gz
10:43:16   0 מוצרים
10:43:16   מוריד: Price7290027600007-002-202604110200.gz
10:43:17   528 מוצרים
10:43:17   מוריד: Price7290027600007-020-202604110200.gz
10:43:19   480 מוצרים
10:43:19   מוריד: Price7290027600007-019-202604110200.gz
10:43:21   440 מוצרים
10:43:21   מוריד: Price7290027600007-017-202604110200.gz
10:43:23   443 מוצרים
10:43:23   מוריד: PriceFull7290027600007-001-202604110300.gz
10:43:31   4,335 מוצרים
10:43:31   מוריד: Price7290027600007-002-202604110200.gz
10:43:35   528 מוצרים
10:43:35   סה"כ שופרסל: 22,805
10:43:35 =======================================================
