09:17:03 =======================================================
09:17:03 רשת: שופרסל
09:17:04   סורק: http://prices.shufersal.co.il/
09:17:15   סורק: http://prices.shufersal.co.il/FileObject/UpdateCategory?storeId=001
09:17:20   סורק: http://prices.shufersal.co.il/FileObject/UpdateCategory?storeId=002
09:17:25   סורק: http://prices.shufersal.co.il/FileObject/UpdateCategory?storeId=001&catID=0&FileType=0
09:17:32   מנסה שיטה ישירה...
09:18:18   מנסה API ידוע...
09:18:28   סה"כ קישורים שנמצאו: 86
09:18:28   קישורים תקינים: 32
09:18:28   מוריד: PromoFull7290027600007-001-202604120300.gz
09:18:30   0 מוצרים
09:18:30   מוריד: Price7290027600007-018-202604120800.gz
09:18:32 DB מחובר
09:18:33   1 מוצרים
09:18:33   מוריד: Price7290027600007-022-202604120200.gz
09:18:35   120 מוצרים
09:18:35   מוריד: PromoFull7290027600007-002-202604120300.gz
09:18:37   0 מוצרים
09:18:37   מוריד: PromoFull7290027600007-001-202604120300.gz
09:18:38   0 מוצרים
09:18:38   מוריד: Price7290027600007-020-202604120200.gz
09:18:40   130 מוצרים
09:18:40   מוריד: PriceFull7290027600007-001-202604120300.gz
09:18:52   4,214 מוצרים
09:18:52   מוריד: Price7290027600007-021-202604120200.gz
09:18:54   140 מוצרים
09:18:54   מוריד: Price7290027600007-002-202604120200.gz
09:18:56   153 מוצרים
09:18:56   מוריד: PriceFull7290027600007-002-202604120300.gz
09:19:07   4,508 מוצרים
09:19:07   מוריד: Price7290027600007-012-202604120200.gz
09:19:09   150 מוצרים
09:19:09   מוריד: Price7290027600007-001-202604120200.gz
09:19:11   121 מוצרים
09:19:11   מוריד: Price7290027600007-011-202604120800.gz
09:19:11   2 מוצרים
09:19:11   מוריד: Price7290027600007-007-202604120800.gz
09:19:12   1 מוצרים
09:19:12   מוריד: Price7290027600007-004-202604120200.gz
09:19:14   155 מוצרים
09:19:14   מוריד: Promo7290027600007-001-202604120200.gz
09:19:14   0 מוצרים
09:19:14   מוריד: Price7290027600007-002-202604120200.gz
09:19:15   153 מוצרים
09:19:15   מוריד: Price7290027600007-013-202604120200.gz
09:19:17   149 מוצרים
09:19:17   מוריד: Price7290027600007-017-202604120200.gz
09:19:18   139 מוצרים
09:19:18   מוריד: Price7290027600007-019-202604120200.gz
09:19:19   133 מוצרים
09:19:19   מוריד: PriceFull7290027600007-001-202604120300.gz
09:19:25   4,214 מוצרים
09:19:25   מוריד: Price7290027600007-001-202604120200.gz
09:19:27   121 מוצרים
09:19:27   מוריד: Promo7290027600007-002-202604120200.gz
09:19:27   0 מוצרים
09:19:27   מוריד: Price7290027600007-014-202604120200.gz
09:19:29   152 מוצרים
09:19:29   מוריד: Price7290027600007-009-202604120200.gz
09:19:30   106 מוצרים
09:19:30   מוריד: Price7290027600007-024-202604120800.gz
09:19:31   1 מוצרים
09:19:31   מוריד: Promo7290027600007-001-202604120200.gz
09:19:31   0 מוצרים
09:19:31   מוריד: Price7290027600007-003-202604120200.gz
09:19:34   113 מוצרים
09:19:34   מוריד: Price7290027600007-023-202604120200.gz
09:19:36   144 מוצרים
09:19:36   מוריד: Price7290027600007-015-202604120200.gz
09:19:38   140 מוצרים
09:19:38   מוריד: Price7290027600007-005-202604120200.gz
09:19:40   139 מוצרים
09:19:40   מוריד: Price7290027600007-001-202604120200.gz
09:19:42   121 מוצרים
09:19:42   סה"כ שופרסל: 15,520
09:19:42 =======================================================
